[preview.themeforest.net/item/asterial-mobile-mobile-template/full_screen_preview/236275829d42.html]
[backblue.gif]
[fade.gif]
[index.html]
[public-assets.envato-static.com/assets/market/core/index-ea981150062d8d0bb0eb8b55d331a9b35bf4b1c953d28e897045ddf63c9bebfe.css]
[public-assets.envato-static.com/assets/market/pages/preview/index-004d35cdd5d555cdd3e956d1b916825642de06529f0fe91fd9f390813761d2fc.css]
[cookiebot-assets.envato-static.com/cookiebot.css]
[public-assets.envato-static.com/icons/themeforest.net/apple-touch-icon-72x72-precomposed.png]
[public-assets.envato-static.com/icons/themeforest.net/apple-touch-icon-114x114-precomposed.png]
[public-assets.envato-static.com/icons/themeforest.net/apple-touch-icon-144x144-precomposed.png]
[public-assets.envato-static.com/icons/themeforest.net/apple-touch-icon-precomposed.png]
[public-assets.envato-static.com/assets/market/pages/full_screen_preview/index-3cf4b3a3affa1ca69404846999af43d51a99ef65314d1ed75c99e9c728355b86.js]
[consent.cookiebot.com/uc.js]
[www.google-analytics.com/analytics.js]
[preview.themeforest.net/item/asterial-mobile-mobile-template/full_screen_preview/236275829d42.html]
[preview.themeforest.net/item/asterial-mobile-mobile-template/full_screen_preview/&quot;https_/www.support.wethemes.com/envato/index.html]
[public-assets.envato-static.com/assets/common/pagination_loader-7fb337642f4cde133550f90749ee6eeb94b0d56dce6ae041cacc18c2bae22699.gif]
[public-assets.envato-static.com/assets/market/core/index-ea981150062d8d0bb0eb8b55d331a9b35bf4b1c953d28e897045ddf63c9bebfe.css]
[public-assets.envato-static.com/assets/market/pages/preview/index-004d35cdd5d555cdd3e956d1b916825642de06529f0fe91fd9f390813761d2fc.css]
[cookiebot-assets.envato-static.com/cookiebot.css]
[preview.themeforest.net/item/asterial-mobile-mobile-template/full_screen_preview/linkid.html]
[www.googletagmanager.com/gtm5445.html]
